// Jest Snapshot v1, https://goo.gl/fbAQLP

exports[`csv preview blob with header 1`] = `
Object {
  "data": Array [
    Object {
      "a": "1",
      "b": "2",
      "c": "3",
      "d": "4",
      "e": "5",
    },
    Object {
      "a": "1",
      "b": "2",
      "c": "3",
      "d": "4",
      "e": "5",
    },
    Object {
      "a": "1",
      "b": "2",
      "c": "3",
      "d": "4",
      "e": "5",
    },
    Object {
      "a": "1",
      "b": "2",
      "c": "3",
      "d": "4",
      "e": "5",
    },
    Object {
      "a": "1",
      "b": "2",
      "c": "3",
      "d": "4",
      "e": "5",
    },
  ],
  "delimiter": ",",
  "hasHeader": true,
  "header": Array [
    "a",
    "b",
    "c",
    "d",
    "e",
  ],
}
`;

exports[`csv preview blob with large csv 1`] = `
Object {
  "data": Array [
    Object {
      "aaaaa": "11111",
      "aaaaa_1": "11111",
      "aaaaa_10": "11111",
      "aaaaa_11": "11111",
      "aaaaa_12": "11111",
      "aaaaa_13": "11111",
      "aaaaa_14": "11111",
      "aaaaa_15": "11111",
      "aaaaa_16": "11111",
      "aaaaa_17": "11111",
      "aaaaa_18": "11111",
      "aaaaa_19": "11111",
      "aaaaa_2": "11111",
      "aaaaa_20": "11111",
      "aaaaa_21": "11111",
      "aaaaa_22": "11111",
      "aaaaa_23": "11111",
      "aaaaa_24": "11111",
      "aaaaa_25": "11111",
      "aaaaa_26": "11111",
      "aaaaa_27": "11111",
      "aaaaa_28": "11111",
      "aaaaa_29": "11111",
      "aaaaa_3": "11111",
      "aaaaa_30": "11111",
      "aaaaa_31": "11111",
      "aaaaa_32": "11111",
      "aaaaa_33": "11111",
      "aaaaa_34": "11111",
      "aaaaa_35": "11111",
      "aaaaa_36": "11111",
      "aaaaa_37": "11111",
      "aaaaa_38": "11111",
      "aaaaa_39": "11111",
      "aaaaa_4": "11111",
      "aaaaa_40": "11111",
      "aaaaa_41": "11111",
      "aaaaa_42": "11111",
      "aaaaa_43": "11111",
      "aaaaa_44": "11111",
      "aaaaa_45": "11111",
      "aaaaa_46": "11111",
      "aaaaa_47": "11111",
      "aaaaa_48": "11111",
      "aaaaa_49": "11111",
      "aaaaa_5": "11111",
      "aaaaa_6": "11111",
      "aaaaa_7": "11111",
      "aaaaa_8": "11111",
      "aaaaa_9": "11111",
      "bbbbb": "22222",
      "bbbbb_1": "22222",
      "bbbbb_10": "22222",
      "bbbbb_11": "22222",
      "bbbbb_12": "22222",
      "bbbbb_13": "22222",
      "bbbbb_14": "22222",
      "bbbbb_15": "22222",
      "bbbbb_16": "22222",
      "bbbbb_17": "22222",
      "bbbbb_18": "22222",
      "bbbbb_19": "22222",
      "bbbbb_2": "22222",
      "bbbbb_20": "22222",
      "bbbbb_21": "22222",
      "bbbbb_22": "22222",
      "bbbbb_23": "22222",
      "bbbbb_24": "22222",
      "bbbbb_25": "22222",
      "bbbbb_26": "22222",
      "bbbbb_27": "22222",
      "bbbbb_28": "22222",
      "bbbbb_29": "22222",
      "bbbbb_3": "22222",
      "bbbbb_30": "22222",
      "bbbbb_31": "22222",
      "bbbbb_32": "22222",
      "bbbbb_33": "22222",
      "bbbbb_34": "22222",
      "bbbbb_35": "22222",
      "bbbbb_36": "22222",
      "bbbbb_37": "22222",
      "bbbbb_38": "22222",
      "bbbbb_39": "22222",
      "bbbbb_4": "22222",
      "bbbbb_40": "22222",
      "bbbbb_41": "22222",
      "bbbbb_42": "22222",
      "bbbbb_43": "22222",
      "bbbbb_44": "22222",
      "bbbbb_45": "22222",
      "bbbbb_46": "22222",
      "bbbbb_47": "22222",
      "bbbbb_48": "22222",
      "bbbbb_49": "22222",
      "bbbbb_5": "22222",
      "bbbbb_6": "22222",
      "bbbbb_7": "22222",
      "bbbbb_8": "22222",
      "bbbbb_9": "22222",
      "ccccc": "33333",
      "ccccc_1": "33333",
      "ccccc_10": "33333",
      "ccccc_11": "33333",
      "ccccc_12": "33333",
      "ccccc_13": "33333",
      "ccccc_14": "33333",
      "ccccc_15": "33333",
      "ccccc_16": "33333",
      "ccccc_17": "33333",
      "ccccc_18": "33333",
      "ccccc_19": "33333",
      "ccccc_2": "33333",
      "ccccc_20": "33333",
      "ccccc_21": "33333",
      "ccccc_22": "33333",
      "ccccc_23": "33333",
      "ccccc_24": "33333",
      "ccccc_25": "33333",
      "ccccc_26": "33333",
      "ccccc_27": "33333",
      "ccccc_28": "33333",
      "ccccc_29": "33333",
      "ccccc_3": "33333",
      "ccccc_30": "33333",
      "ccccc_31": "33333",
      "ccccc_32": "33333",
      "ccccc_33": "33333",
      "ccccc_34": "33333",
      "ccccc_35": "33333",
      "ccccc_36": "33333",
      "ccccc_37": "33333",
      "ccccc_38": "33333",
      "ccccc_39": "33333",
      "ccccc_4": "33333",
      "ccccc_40": "33333",
      "ccccc_41": "33333",
      "ccccc_42": "33333",
      "ccccc_43": "33333",
      "ccccc_44": "33333",
      "ccccc_45": "33333",
      "ccccc_46": "33333",
      "ccccc_47": "33333",
      "ccccc_48": "33333",
      "ccccc_49": "33333",
      "ccccc_5": "33333",
      "ccccc_6": "33333",
      "ccccc_7": "33333",
      "ccccc_8": "33333",
      "ccccc_9": "33333",
      "ddddd": "44444",
      "ddddd_1": "44444",
      "ddddd_10": "44444",
      "ddddd_11": "44444",
      "ddddd_12": "44444",
      "ddddd_13": "44444",
      "ddddd_14": "44444",
      "ddddd_15": "44444",
      "ddddd_16": "44444",
      "ddddd_17": "44444",
      "ddddd_18": "44444",
      "ddddd_19": "44444",
      "ddddd_2": "44444",
      "ddddd_20": "44444",
      "ddddd_21": "44444",
      "ddddd_22": "44444",
      "ddddd_23": "44444",
      "ddddd_24": "44444",
      "ddddd_25": "44444",
      "ddddd_26": "44444",
      "ddddd_27": "44444",
      "ddddd_28": "44444",
      "ddddd_29": "44444",
      "ddddd_3": "44444",
      "ddddd_30": "44444",
      "ddddd_31": "44444",
      "ddddd_32": "44444",
      "ddddd_33": "44444",
      "ddddd_34": "44444",
      "ddddd_35": "44444",
      "ddddd_36": "44444",
      "ddddd_37": "44444",
      "ddddd_38": "44444",
      "ddddd_39": "44444",
      "ddddd_4": "44444",
      "ddddd_40": "44444",
      "ddddd_41": "44444",
      "ddddd_42": "44444",
      "ddddd_43": "44444",
      "ddddd_44": "44444",
      "ddddd_45": "44444",
      "ddddd_46": "44444",
      "ddddd_47": "44444",
      "ddddd_48": "44444",
      "ddddd_49": "44444",
      "ddddd_5": "44444",
      "ddddd_6": "44444",
      "ddddd_7": "44444",
      "ddddd_8": "44444",
      "ddddd_9": "44444",
      "eeeee": "55555",
      "eeeee_1": "55555",
      "eeeee_10": "55555",
      "eeeee_11": "55555",
      "eeeee_12": "55555",
      "eeeee_13": "55555",
      "eeeee_14": "55555",
      "eeeee_15": "55555",
      "eeeee_16": "55555",
      "eeeee_17": "55555",
      "eeeee_18": "55555",
      "eeeee_19": "55555",
      "eeeee_2": "55555",
      "eeeee_20": "55555",
      "eeeee_21": "55555",
      "eeeee_22": "55555",
      "eeeee_23": "55555",
      "eeeee_24": "55555",
      "eeeee_25": "55555",
      "eeeee_26": "55555",
      "eeeee_27": "55555",
      "eeeee_28": "55555",
      "eeeee_29": "55555",
      "eeeee_3": "55555",
      "eeeee_30": "55555",
      "eeeee_31": "55555",
      "eeeee_32": "55555",
      "eeeee_33": "55555",
      "eeeee_34": "55555",
      "eeeee_35": "55555",
      "eeeee_36": "55555",
      "eeeee_37": "55555",
      "eeeee_38": "55555",
      "eeeee_39": "55555",
      "eeeee_4": "55555",
      "eeeee_40": "55555",
      "eeeee_41": "55555",
      "eeeee_42": "55555",
      "eeeee_43": "55555",
      "eeeee_44": "55555",
      "eeeee_45": "55555",
      "eeeee_46": "55555",
      "eeeee_47": "55555",
      "eeeee_48": "55555",
      "eeeee_49": "55555",
      "eeeee_5": "55555",
      "eeeee_6": "55555",
      "eeeee_7": "55555",
      "eeeee_8": "55555",
      "eeeee_9": "55555",
    },
    Object {
      "aaaaa": "11111",
      "aaaaa_1": "11111",
      "aaaaa_10": "11111",
      "aaaaa_11": "11111",
      "aaaaa_12": "11111",
      "aaaaa_13": "11111",
      "aaaaa_14": "11111",
      "aaaaa_15": "11111",
      "aaaaa_16": "11111",
      "aaaaa_17": "11111",
      "aaaaa_18": "11111",
      "aaaaa_19": "11111",
      "aaaaa_2": "11111",
      "aaaaa_20": "11111",
      "aaaaa_21": "11111",
      "aaaaa_22": "11111",
      "aaaaa_23": "11111",
      "aaaaa_24": "11111",
      "aaaaa_25": "11111",
      "aaaaa_26": "11111",
      "aaaaa_27": "11111",
      "aaaaa_28": "11111",
      "aaaaa_29": "11111",
      "aaaaa_3": "11111",
      "aaaaa_30": "11111",
      "aaaaa_31": "11111",
      "aaaaa_32": "11111",
      "aaaaa_33": "11111",
      "aaaaa_34": "11111",
      "aaaaa_35": "11111",
      "aaaaa_36": "11111",
      "aaaaa_37": "11111",
      "aaaaa_38": "11111",
      "aaaaa_39": "11111",
      "aaaaa_4": "11111",
      "aaaaa_40": "11111",
      "aaaaa_41": "11111",
      "aaaaa_42": "11111",
      "aaaaa_43": "11111",
      "aaaaa_44": "11111",
      "aaaaa_45": "11111",
      "aaaaa_46": "11111",
      "aaaaa_47": "11111",
      "aaaaa_48": "11111",
      "aaaaa_49": "11111",
      "aaaaa_5": "11111",
      "aaaaa_6": "11111",
      "aaaaa_7": "11111",
      "aaaaa_8": "11111",
      "aaaaa_9": "11111",
      "bbbbb": "22222",
      "bbbbb_1": "22222",
      "bbbbb_10": "22222",
      "bbbbb_11": "22222",
      "bbbbb_12": "22222",
      "bbbbb_13": "22222",
      "bbbbb_14": "22222",
      "bbbbb_15": "22222",
      "bbbbb_16": "22222",
      "bbbbb_17": "22222",
      "bbbbb_18": "22222",
      "bbbbb_19": "22222",
      "bbbbb_2": "22222",
      "bbbbb_20": "22222",
      "bbbbb_21": "22222",
      "bbbbb_22": "22222",
      "bbbbb_23": "22222",
      "bbbbb_24": "22222",
      "bbbbb_25": "22222",
      "bbbbb_26": "22222",
      "bbbbb_27": "22222",
      "bbbbb_28": "22222",
      "bbbbb_29": "22222",
      "bbbbb_3": "22222",
      "bbbbb_30": "22222",
      "bbbbb_31": "22222",
      "bbbbb_32": "22222",
      "bbbbb_33": "22222",
      "bbbbb_34": "22222",
      "bbbbb_35": "22222",
      "bbbbb_36": "22222",
      "bbbbb_37": "22222",
      "bbbbb_38": "22222",
      "bbbbb_39": "22222",
      "bbbbb_4": "22222",
      "bbbbb_40": "22222",
      "bbbbb_41": "22222",
      "bbbbb_42": "22222",
      "bbbbb_43": "22222",
      "bbbbb_44": "22222",
      "bbbbb_45": "22222",
      "bbbbb_46": "22222",
      "bbbbb_47": "22222",
      "bbbbb_48": "22222",
      "bbbbb_49": "22222",
      "bbbbb_5": "22222",
      "bbbbb_6": "22222",
      "bbbbb_7": "22222",
      "bbbbb_8": "22222",
      "bbbbb_9": "22222",
      "ccccc": "33333",
      "ccccc_1": "33333",
      "ccccc_10": "33333",
      "ccccc_11": "33333",
      "ccccc_12": "33333",
      "ccccc_13": "33333",
      "ccccc_14": "33333",
      "ccccc_15": "33333",
      "ccccc_16": "33333",
      "ccccc_17": "33333",
      "ccccc_18": "33333",
      "ccccc_19": "33333",
      "ccccc_2": "33333",
      "ccccc_20": "33333",
      "ccccc_21": "33333",
      "ccccc_22": "33333",
      "ccccc_23": "33333",
      "ccccc_24": "33333",
      "ccccc_25": "33333",
      "ccccc_26": "33333",
      "ccccc_27": "33333",
      "ccccc_28": "33333",
      "ccccc_29": "33333",
      "ccccc_3": "33333",
      "ccccc_30": "33333",
      "ccccc_31": "33333",
      "ccccc_32": "33333",
      "ccccc_33": "33333",
      "ccccc_34": "33333",
      "ccccc_35": "33333",
      "ccccc_36": "33333",
      "ccccc_37": "33333",
      "ccccc_38": "33333",
      "ccccc_39": "33333",
      "ccccc_4": "33333",
      "ccccc_40": "33333",
      "ccccc_41": "33333",
      "ccccc_42": "33333",
      "ccccc_43": "33333",
      "ccccc_44": "33333",
      "ccccc_45": "33333",
      "ccccc_46": "33333",
      "ccccc_47": "33333",
      "ccccc_48": "33333",
      "ccccc_49": "33333",
      "ccccc_5": "33333",
      "ccccc_6": "33333",
      "ccccc_7": "33333",
      "ccccc_8": "33333",
      "ccccc_9": "33333",
      "ddddd": "44444",
      "ddddd_1": "44444",
      "ddddd_10": "44444",
      "ddddd_11": "44444",
      "ddddd_12": "44444",
      "ddddd_13": "44444",
      "ddddd_14": "44444",
      "ddddd_15": "44444",
      "ddddd_16": "44444",
      "ddddd_17": "44444",
      "ddddd_18": "44444",
      "ddddd_19": "44444",
      "ddddd_2": "44444",
      "ddddd_20": "44444",
      "ddddd_21": "44444",
      "ddddd_22": "44444",
      "ddddd_23": "44444",
      "ddddd_24": "44444",
      "ddddd_25": "44444",
      "ddddd_26": "44444",
      "ddddd_27": "44444",
      "ddddd_28": "44444",
      "ddddd_29": "44444",
      "ddddd_3": "44444",
      "ddddd_30": "44444",
      "ddddd_31": "44444",
      "ddddd_32": "44444",
      "ddddd_33": "44444",
      "ddddd_34": "44444",
      "ddddd_35": "44444",
      "ddddd_36": "44444",
      "ddddd_37": "44444",
      "ddddd_38": "44444",
      "ddddd_39": "44444",
      "ddddd_4": "44444",
      "ddddd_40": "44444",
      "ddddd_41": "44444",
      "ddddd_42": "44444",
      "ddddd_43": "44444",
      "ddddd_44": "44444",
      "ddddd_45": "44444",
      "ddddd_46": "44444",
      "ddddd_47": "44444",
      "ddddd_48": "44444",
      "ddddd_49": "44444",
      "ddddd_5": "44444",
      "ddddd_6": "44444",
      "ddddd_7": "44444",
      "ddddd_8": "44444",
      "ddddd_9": "44444",
      "eeeee": "55555",
      "eeeee_1": "55555",
      "eeeee_10": "55555",
      "eeeee_11": "55555",
      "eeeee_12": "55555",
      "eeeee_13": "55555",
      "eeeee_14": "55555",
      "eeeee_15": "55555",
      "eeeee_16": "55555",
      "eeeee_17": "55555",
      "eeeee_18": "55555",
      "eeeee_19": "55555",
      "eeeee_2": "55555",
      "eeeee_20": "55555",
      "eeeee_21": "55555",
      "eeeee_22": "55555",
      "eeeee_23": "55555",
      "eeeee_24": "55555",
      "eeeee_25": "55555",
      "eeeee_26": "55555",
      "eeeee_27": "55555",
      "eeeee_28": "55555",
      "eeeee_29": "55555",
      "eeeee_3": "55555",
      "eeeee_30": "55555",
      "eeeee_31": "55555",
      "eeeee_32": "55555",
      "eeeee_33": "55555",
      "eeeee_34": "55555",
      "eeeee_35": "55555",
      "eeeee_36": "55555",
      "eeeee_37": "55555",
      "eeeee_38": "55555",
      "eeeee_39": "55555",
      "eeeee_4": "55555",
      "eeeee_40": "55555",
      "eeeee_41": "55555",
      "eeeee_42": "55555",
      "eeeee_43": "55555",
      "eeeee_44": "55555",
      "eeeee_45": "55555",
      "eeeee_46": "55555",
      "eeeee_47": "55555",
      "eeeee_48": "55555",
      "eeeee_49": "55555",
      "eeeee_5": "55555",
      "eeeee_6": "55555",
      "eeeee_7": "55555",
      "eeeee_8": "55555",
      "eeeee_9": "55555",
    },
    Object {
      "aaaaa": "11111",
      "aaaaa_1": "11111",
      "aaaaa_10": "11111",
      "aaaaa_11": "11111",
      "aaaaa_12": "11111",
      "aaaaa_13": "11111",
      "aaaaa_14": "11111",
      "aaaaa_15": "11111",
      "aaaaa_16": "11111",
      "aaaaa_17": "11111",
      "aaaaa_18": "11111",
      "aaaaa_19": "11111",
      "aaaaa_2": "11111",
      "aaaaa_20": "11111",
      "aaaaa_21": "11111",
      "aaaaa_22": "11111",
      "aaaaa_23": "11111",
      "aaaaa_24": "11111",
      "aaaaa_25": "11111",
      "aaaaa_26": "11111",
      "aaaaa_27": "11111",
      "aaaaa_28": "11111",
      "aaaaa_29": "11111",
      "aaaaa_3": "11111",
      "aaaaa_30": "11111",
      "aaaaa_31": "11111",
      "aaaaa_32": "11111",
      "aaaaa_33": "11111",
      "aaaaa_34": "11111",
      "aaaaa_35": "11111",
      "aaaaa_36": "11111",
      "aaaaa_37": "11111",
      "aaaaa_38": "11111",
      "aaaaa_39": "11111",
      "aaaaa_4": "11111",
      "aaaaa_40": "11111",
      "aaaaa_41": "11111",
      "aaaaa_42": "11111",
      "aaaaa_43": "11111",
      "aaaaa_44": "11111",
      "aaaaa_45": "11111",
      "aaaaa_46": "11111",
      "aaaaa_47": "11111",
      "aaaaa_48": "11111",
      "aaaaa_49": "11111",
      "aaaaa_5": "11111",
      "aaaaa_6": "11111",
      "aaaaa_7": "11111",
      "aaaaa_8": "11111",
      "aaaaa_9": "11111",
      "bbbbb": "22222",
      "bbbbb_1": "22222",
      "bbbbb_10": "22222",
      "bbbbb_11": "22222",
      "bbbbb_12": "22222",
      "bbbbb_13": "22222",
      "bbbbb_14": "22222",
      "bbbbb_15": "22222",
      "bbbbb_16": "22222",
      "bbbbb_17": "22222",
      "bbbbb_18": "22222",
      "bbbbb_19": "22222",
      "bbbbb_2": "22222",
      "bbbbb_20": "22222",
      "bbbbb_21": "22222",
      "bbbbb_22": "22222",
      "bbbbb_23": "22222",
      "bbbbb_24": "22222",
      "bbbbb_25": "22222",
      "bbbbb_26": "22222",
      "bbbbb_27": "22222",
      "bbbbb_28": "22222",
      "bbbbb_29": "22222",
      "bbbbb_3": "22222",
      "bbbbb_30": "22222",
      "bbbbb_31": "22222",
      "bbbbb_32": "22222",
      "bbbbb_33": "22222",
      "bbbbb_34": "22222",
      "bbbbb_35": "22222",
      "bbbbb_36": "22222",
      "bbbbb_37": "22222",
      "bbbbb_38": "22222",
      "bbbbb_39": "22222",
      "bbbbb_4": "22222",
      "bbbbb_40": "22222",
      "bbbbb_41": "22222",
      "bbbbb_42": "22222",
      "bbbbb_43": "22222",
      "bbbbb_44": "22222",
      "bbbbb_45": "22222",
      "bbbbb_46": "22222",
      "bbbbb_47": "22222",
      "bbbbb_48": "22222",
      "bbbbb_49": "22222",
      "bbbbb_5": "22222",
      "bbbbb_6": "22222",
      "bbbbb_7": "22222",
      "bbbbb_8": "22222",
      "bbbbb_9": "22222",
      "ccccc": "33333",
      "ccccc_1": "33333",
      "ccccc_10": "33333",
      "ccccc_11": "33333",
      "ccccc_12": "33333",
      "ccccc_13": "33333",
      "ccccc_14": "33333",
      "ccccc_15": "33333",
      "ccccc_16": "33333",
      "ccccc_17": "33333",
      "ccccc_18": "33333",
      "ccccc_19": "33333",
      "ccccc_2": "33333",
      "ccccc_20": "33333",
      "ccccc_21": "33333",
      "ccccc_22": "33333",
      "ccccc_23": "33333",
      "ccccc_24": "33333",
      "ccccc_25": "33333",
      "ccccc_26": "33333",
      "ccccc_27": "33333",
      "ccccc_28": "33333",
      "ccccc_29": "33333",
      "ccccc_3": "33333",
      "ccccc_30": "33333",
      "ccccc_31": "33333",
      "ccccc_32": "33333",
      "ccccc_33": "33333",
      "ccccc_34": "33333",
      "ccccc_35": "33333",
      "ccccc_36": "33333",
      "ccccc_37": "33333",
      "ccccc_38": "33333",
      "ccccc_39": "33333",
      "ccccc_4": "33333",
      "ccccc_40": "33333",
      "ccccc_41": "33333",
      "ccccc_42": "33333",
      "ccccc_43": "33333",
      "ccccc_44": "33333",
      "ccccc_45": "33333",
      "ccccc_46": "33333",
      "ccccc_47": "33333",
      "ccccc_48": "33333",
      "ccccc_49": "33333",
      "ccccc_5": "33333",
      "ccccc_6": "33333",
      "ccccc_7": "33333",
      "ccccc_8": "33333",
      "ccccc_9": "33333",
      "ddddd": "44444",
      "ddddd_1": "44444",
      "ddddd_10": "44444",
      "ddddd_11": "44444",
      "ddddd_12": "44444",
      "ddddd_13": "44444",
      "ddddd_14": "44444",
      "ddddd_15": "44444",
      "ddddd_16": "44444",
      "ddddd_17": "44444",
      "ddddd_18": "44444",
      "ddddd_19": "44444",
      "ddddd_2": "44444",
      "ddddd_20": "44444",
      "ddddd_21": "44444",
      "ddddd_22": "44444",
      "ddddd_23": "44444",
      "ddddd_24": "44444",
      "ddddd_25": "44444",
      "ddddd_26": "44444",
      "ddddd_27": "44444",
      "ddddd_28": "44444",
      "ddddd_29": "44444",
      "ddddd_3": "44444",
      "ddddd_30": "44444",
      "ddddd_31": "44444",
      "ddddd_32": "44444",
      "ddddd_33": "44444",
      "ddddd_34": "44444",
      "ddddd_35": "44444",
      "ddddd_36": "44444",
      "ddddd_37": "44444",
      "ddddd_38": "44444",
      "ddddd_39": "44444",
      "ddddd_4": "44444",
      "ddddd_40": "44444",
      "ddddd_41": "44444",
      "ddddd_42": "44444",
      "ddddd_43": "44444",
      "ddddd_44": "44444",
      "ddddd_45": "44444",
      "ddddd_46": "44444",
      "ddddd_47": "44444",
      "ddddd_48": "44444",
      "ddddd_49": "44444",
      "ddddd_5": "44444",
      "ddddd_6": "44444",
      "ddddd_7": "44444",
      "ddddd_8": "44444",
      "ddddd_9": "44444",
      "eeeee": "55555",
      "eeeee_1": "55555",
      "eeeee_10": "55555",
      "eeeee_11": "55555",
      "eeeee_12": "55555",
      "eeeee_13": "55555",
      "eeeee_14": "55555",
      "eeeee_15": "55555",
      "eeeee_16": "55555",
      "eeeee_17": "55555",
      "eeeee_18": "55555",
      "eeeee_19": "55555",
      "eeeee_2": "55555",
      "eeeee_20": "55555",
      "eeeee_21": "55555",
      "eeeee_22": "55555",
      "eeeee_23": "55555",
      "eeeee_24": "55555",
      "eeeee_25": "55555",
      "eeeee_26": "55555",
      "eeeee_27": "55555",
      "eeeee_28": "55555",
      "eeeee_29": "55555",
      "eeeee_3": "55555",
      "eeeee_30": "55555",
      "eeeee_31": "55555",
      "eeeee_32": "55555",
      "eeeee_33": "55555",
      "eeeee_34": "55555",
      "eeeee_35": "55555",
      "eeeee_36": "55555",
      "eeeee_37": "55555",
      "eeeee_38": "55555",
      "eeeee_39": "55555",
      "eeeee_4": "55555",
      "eeeee_40": "55555",
      "eeeee_41": "55555",
      "eeeee_42": "55555",
      "eeeee_43": "55555",
      "eeeee_44": "55555",
      "eeeee_45": "55555",
      "eeeee_46": "55555",
      "eeeee_47": "55555",
      "eeeee_48": "55555",
      "eeeee_49": "55555",
      "eeeee_5": "55555",
      "eeeee_6": "55555",
      "eeeee_7": "55555",
      "eeeee_8": "55555",
      "eeeee_9": "55555",
    },
    Object {
      "aaaaa": "11111",
      "aaaaa_1": "11111",
      "aaaaa_10": "11111",
      "aaaaa_11": "11111",
      "aaaaa_12": "11111",
      "aaaaa_13": "11111",
      "aaaaa_14": "11111",
      "aaaaa_15": "11111",
      "aaaaa_16": "11111",
      "aaaaa_17": "11111",
      "aaaaa_18": "11111",
      "aaaaa_19": "11111",
      "aaaaa_2": "11111",
      "aaaaa_20": "11111",
      "aaaaa_21": "11111",
      "aaaaa_22": "11111",
      "aaaaa_23": "11111",
      "aaaaa_24": "11111",
      "aaaaa_25": "11111",
      "aaaaa_26": "11111",
      "aaaaa_27": "11111",
      "aaaaa_28": "11111",
      "aaaaa_29": "11111",
      "aaaaa_3": "11111",
      "aaaaa_30": "11111",
      "aaaaa_31": "11111",
      "aaaaa_32": "11111",
      "aaaaa_33": "11111",
      "aaaaa_34": "11111",
      "aaaaa_35": "11111",
      "aaaaa_36": "11111",
      "aaaaa_37": "11111",
      "aaaaa_38": "11111",
      "aaaaa_39": "11111",
      "aaaaa_4": "11111",
      "aaaaa_40": "11111",
      "aaaaa_41": "11111",
      "aaaaa_42": "11111",
      "aaaaa_43": "11111",
      "aaaaa_44": "11111",
      "aaaaa_45": "11111",
      "aaaaa_46": "11111",
      "aaaaa_47": "11111",
      "aaaaa_48": "11111",
      "aaaaa_49": "11111",
      "aaaaa_5": "11111",
      "aaaaa_6": "11111",
      "aaaaa_7": "11111",
      "aaaaa_8": "11111",
      "aaaaa_9": "11111",
      "bbbbb": "22222",
      "bbbbb_1": "22222",
      "bbbbb_10": "22222",
      "bbbbb_11": "22222",
      "bbbbb_12": "22222",
      "bbbbb_13": "22222",
      "bbbbb_14": "22222",
      "bbbbb_15": "22222",
      "bbbbb_16": "22222",
      "bbbbb_17": "22222",
      "bbbbb_18": "22222",
      "bbbbb_19": "22222",
      "bbbbb_2": "22222",
      "bbbbb_20": "22222",
      "bbbbb_21": "22222",
      "bbbbb_22": "22222",
      "bbbbb_23": "22222",
      "bbbbb_24": "22222",
      "bbbbb_25": "22222",
      "bbbbb_26": "22222",
      "bbbbb_27": "22222",
      "bbbbb_28": "22222",
      "bbbbb_29": "22222",
      "bbbbb_3": "22222",
      "bbbbb_30": "22222",
      "bbbbb_31": "22222",
      "bbbbb_32": "22222",
      "bbbbb_33": "22222",
      "bbbbb_34": "22222",
      "bbbbb_35": "22222",
      "bbbbb_36": "22222",
      "bbbbb_37": "22222",
      "bbbbb_38": "22222",
      "bbbbb_39": "22222",
      "bbbbb_4": "22222",
      "bbbbb_40": "22222",
      "bbbbb_41": "22222",
      "bbbbb_42": "22222",
      "bbbbb_43": "22222",
      "bbbbb_44": "22222",
      "bbbbb_45": "22222",
      "bbbbb_46": "22222",
      "bbbbb_47": "22222",
      "bbbbb_48": "22222",
      "bbbbb_49": "22222",
      "bbbbb_5": "22222",
      "bbbbb_6": "22222",
      "bbbbb_7": "22222",
      "bbbbb_8": "22222",
      "bbbbb_9": "22222",
      "ccccc": "33333",
      "ccccc_1": "33333",
      "ccccc_10": "33333",
      "ccccc_11": "33333",
      "ccccc_12": "33333",
      "ccccc_13": "33333",
      "ccccc_14": "33333",
      "ccccc_15": "33333",
      "ccccc_16": "33333",
      "ccccc_17": "33333",
      "ccccc_18": "33333",
      "ccccc_19": "33333",
      "ccccc_2": "33333",
      "ccccc_20": "33333",
      "ccccc_21": "33333",
      "ccccc_22": "33333",
      "ccccc_23": "33333",
      "ccccc_24": "33333",
      "ccccc_25": "33333",
      "ccccc_26": "33333",
      "ccccc_27": "33333",
      "ccccc_28": "33333",
      "ccccc_29": "33333",
      "ccccc_3": "33333",
      "ccccc_30": "33333",
      "ccccc_31": "33333",
      "ccccc_32": "33333",
      "ccccc_33": "33333",
      "ccccc_34": "33333",
      "ccccc_35": "33333",
      "ccccc_36": "33333",
      "ccccc_37": "33333",
      "ccccc_38": "33333",
      "ccccc_39": "33333",
      "ccccc_4": "33333",
      "ccccc_40": "33333",
      "ccccc_41": "33333",
      "ccccc_42": "33333",
      "ccccc_43": "33333",
      "ccccc_44": "33333",
      "ccccc_45": "33333",
      "ccccc_46": "33333",
      "ccccc_47": "33333",
      "ccccc_48": "33333",
      "ccccc_49": "33333",
      "ccccc_5": "33333",
      "ccccc_6": "33333",
      "ccccc_7": "33333",
      "ccccc_8": "33333",
      "ccccc_9": "33333",
      "ddddd": "44444",
      "ddddd_1": "44444",
      "ddddd_10": "44444",
      "ddddd_11": "44444",
      "ddddd_12": "44444",
      "ddddd_13": "44444",
      "ddddd_14": "44444",
      "ddddd_15": "44444",
      "ddddd_16": "44444",
      "ddddd_17": "44444",
      "ddddd_18": "44444",
      "ddddd_19": "44444",
      "ddddd_2": "44444",
      "ddddd_20": "44444",
      "ddddd_21": "44444",
      "ddddd_22": "44444",
      "ddddd_23": "44444",
      "ddddd_24": "44444",
      "ddddd_25": "44444",
      "ddddd_26": "44444",
      "ddddd_27": "44444",
      "ddddd_28": "44444",
      "ddddd_29": "44444",
      "ddddd_3": "44444",
      "ddddd_30": "44444",
      "ddddd_31": "44444",
      "ddddd_32": "44444",
      "ddddd_33": "44444",
      "ddddd_34": "44444",
      "ddddd_35": "44444",
      "ddddd_36": "44444",
      "ddddd_37": "44444",
      "ddddd_38": "44444",
      "ddddd_39": "44444",
      "ddddd_4": "44444",
      "ddddd_40": "44444",
      "ddddd_41": "44444",
      "ddddd_42": "44444",
      "ddddd_43": "44444",
      "ddddd_44": "44444",
      "ddddd_45": "44444",
      "ddddd_46": "44444",
      "ddddd_47": "44444",
      "ddddd_48": "44444",
      "ddddd_49": "44444",
      "ddddd_5": "44444",
      "ddddd_6": "44444",
      "ddddd_7": "44444",
      "ddddd_8": "44444",
      "ddddd_9": "44444",
      "eeeee": "55555",
      "eeeee_1": "55555",
      "eeeee_10": "55555",
      "eeeee_11": "55555",
      "eeeee_12": "55555",
      "eeeee_13": "55555",
      "eeeee_14": "55555",
      "eeeee_15": "55555",
      "eeeee_16": "55555",
      "eeeee_17": "55555",
      "eeeee_18": "55555",
      "eeeee_19": "55555",
      "eeeee_2": "55555",
      "eeeee_20": "55555",
      "eeeee_21": "55555",
      "eeeee_22": "55555",
      "eeeee_23": "55555",
      "eeeee_24": "55555",
      "eeeee_25": "55555",
      "eeeee_26": "55555",
      "eeeee_27": "55555",
      "eeeee_28": "55555",
      "eeeee_29": "55555",
      "eeeee_3": "55555",
      "eeeee_30": "55555",
      "eeeee_31": "55555",
      "eeeee_32": "55555",
      "eeeee_33": "55555",
      "eeeee_34": "55555",
      "eeeee_35": "55555",
      "eeeee_36": "55555",
      "eeeee_37": "55555",
      "eeeee_38": "55555",
      "eeeee_39": "55555",
      "eeeee_4": "55555",
      "eeeee_40": "55555",
      "eeeee_41": "55555",
      "eeeee_42": "55555",
      "eeeee_43": "55555",
      "eeeee_44": "55555",
      "eeeee_45": "55555",
      "eeeee_46": "55555",
      "eeeee_47": "55555",
      "eeeee_48": "55555",
      "eeeee_49": "55555",
      "eeeee_5": "55555",
      "eeeee_6": "55555",
      "eeeee_7": "55555",
      "eeeee_8": "55555",
      "eeeee_9": "55555",
    },
    Object {
      "aaaaa": "11111",
      "aaaaa_1": "11111",
      "aaaaa_10": "11111",
      "aaaaa_11": "11111",
      "aaaaa_12": "11111",
      "aaaaa_13": "11111",
      "aaaaa_14": "11111",
      "aaaaa_15": "11111",
      "aaaaa_16": "11111",
      "aaaaa_17": "11111",
      "aaaaa_18": "11111",
      "aaaaa_19": "11111",
      "aaaaa_2": "11111",
      "aaaaa_20": "11111",
      "aaaaa_21": "11111",
      "aaaaa_22": "11111",
      "aaaaa_23": "11111",
      "aaaaa_24": "11111",
      "aaaaa_25": "11111",
      "aaaaa_26": "11111",
      "aaaaa_27": "11111",
      "aaaaa_28": "11111",
      "aaaaa_29": "11111",
      "aaaaa_3": "11111",
      "aaaaa_30": "11111",
      "aaaaa_31": "11111",
      "aaaaa_32": "11111",
      "aaaaa_33": "11111",
      "aaaaa_34": "11111",
      "aaaaa_35": "11111",
      "aaaaa_36": "11111",
      "aaaaa_37": "11111",
      "aaaaa_38": "11111",
      "aaaaa_39": "11111",
      "aaaaa_4": "11111",
      "aaaaa_40": "11111",
      "aaaaa_41": "11111",
      "aaaaa_42": "11111",
      "aaaaa_43": "11111",
      "aaaaa_44": "11111",
      "aaaaa_45": "11111",
      "aaaaa_46": "11111",
      "aaaaa_47": "11111",
      "aaaaa_48": "11111",
      "aaaaa_49": "11111",
      "aaaaa_5": "11111",
      "aaaaa_6": "11111",
      "aaaaa_7": "11111",
      "aaaaa_8": "11111",
      "aaaaa_9": "11111",
      "bbbbb": "22222",
      "bbbbb_1": "22222",
      "bbbbb_10": "22222",
      "bbbbb_11": "22222",
      "bbbbb_12": "22222",
      "bbbbb_13": "22222",
      "bbbbb_14": "22222",
      "bbbbb_15": "22222",
      "bbbbb_16": "22222",
      "bbbbb_17": "22222",
      "bbbbb_18": "22222",
      "bbbbb_19": "22222",
      "bbbbb_2": "22222",
      "bbbbb_20": "22222",
      "bbbbb_21": "22222",
      "bbbbb_22": "22222",
      "bbbbb_23": "22222",
      "bbbbb_24": "22222",
      "bbbbb_25": "22222",
      "bbbbb_26": "22222",
      "bbbbb_27": "22222",
      "bbbbb_28": "22222",
      "bbbbb_29": "22222",
      "bbbbb_3": "22222",
      "bbbbb_30": "22222",
      "bbbbb_31": "22222",
      "bbbbb_32": "22222",
      "bbbbb_33": "22222",
      "bbbbb_34": "22222",
      "bbbbb_35": "22222",
      "bbbbb_36": "22222",
      "bbbbb_37": "22222",
      "bbbbb_38": "22222",
      "bbbbb_39": "22222",
      "bbbbb_4": "22222",
      "bbbbb_40": "22222",
      "bbbbb_41": "22222",
      "bbbbb_42": "22222",
      "bbbbb_43": "22222",
      "bbbbb_44": "22222",
      "bbbbb_45": "22222",
      "bbbbb_46": "22222",
      "bbbbb_47": "22222",
      "bbbbb_48": "22222",
      "bbbbb_49": "22222",
      "bbbbb_5": "22222",
      "bbbbb_6": "22222",
      "bbbbb_7": "22222",
      "bbbbb_8": "22222",
      "bbbbb_9": "22222",
      "ccccc": "33333",
      "ccccc_1": "33333",
      "ccccc_10": "33333",
      "ccccc_11": "33333",
      "ccccc_12": "33333",
      "ccccc_13": "33333",
      "ccccc_14": "33333",
      "ccccc_15": "33333",
      "ccccc_16": "33333",
      "ccccc_17": "33333",
      "ccccc_18": "33333",
      "ccccc_19": "33333",
      "ccccc_2": "33333",
      "ccccc_20": "33333",
      "ccccc_21": "33333",
      "ccccc_22": "33333",
      "ccccc_23": "33333",
      "ccccc_24": "33333",
      "ccccc_25": "33333",
      "ccccc_26": "33333",
      "ccccc_27": "33333",
      "ccccc_28": "33333",
      "ccccc_29": "33333",
      "ccccc_3": "33333",
      "ccccc_30": "33333",
      "ccccc_31": "33333",
      "ccccc_32": "33333",
      "ccccc_33": "33333",
      "ccccc_34": "33333",
      "ccccc_35": "33333",
      "ccccc_36": "33333",
      "ccccc_37": "33333",
      "ccccc_38": "33333",
      "ccccc_39": "33333",
      "ccccc_4": "33333",
      "ccccc_40": "33333",
      "ccccc_41": "33333",
      "ccccc_42": "33333",
      "ccccc_43": "33333",
      "ccccc_44": "33333",
      "ccccc_45": "33333",
      "ccccc_46": "33333",
      "ccccc_47": "33333",
      "ccccc_48": "33333",
      "ccccc_49": "33333",
      "ccccc_5": "33333",
      "ccccc_6": "33333",
      "ccccc_7": "33333",
      "ccccc_8": "33333",
      "ccccc_9": "33333",
      "ddddd": "44444",
      "ddddd_1": "44444",
      "ddddd_10": "44444",
      "ddddd_11": "44444",
      "ddddd_12": "44444",
      "ddddd_13": "44444",
      "ddddd_14": "44444",
      "ddddd_15": "44444",
      "ddddd_16": "44444",
      "ddddd_17": "44444",
      "ddddd_18": "44444",
      "ddddd_19": "44444",
      "ddddd_2": "44444",
      "ddddd_20": "44444",
      "ddddd_21": "44444",
      "ddddd_22": "44444",
      "ddddd_23": "44444",
      "ddddd_24": "44444",
      "ddddd_25": "44444",
      "ddddd_26": "44444",
      "ddddd_27": "44444",
      "ddddd_28": "44444",
      "ddddd_29": "44444",
      "ddddd_3": "44444",
      "ddddd_30": "44444",
      "ddddd_31": "44444",
      "ddddd_32": "44444",
      "ddddd_33": "44444",
      "ddddd_34": "44444",
      "ddddd_35": "44444",
      "ddddd_36": "44444",
      "ddddd_37": "44444",
      "ddddd_38": "44444",
      "ddddd_39": "44444",
      "ddddd_4": "44444",
      "ddddd_40": "44444",
      "ddddd_41": "44444",
      "ddddd_42": "44444",
      "ddddd_43": "44444",
      "ddddd_44": "44444",
      "ddddd_45": "44444",
      "ddddd_46": "44444",
      "ddddd_47": "44444",
      "ddddd_48": "44444",
      "ddddd_49": "44444",
      "ddddd_5": "44444",
      "ddddd_6": "44444",
      "ddddd_7": "44444",
      "ddddd_8": "44444",
      "ddddd_9": "44444",
      "eeeee": "55555",
      "eeeee_1": "55555",
      "eeeee_10": "55555",
      "eeeee_11": "55555",
      "eeeee_12": "55555",
      "eeeee_13": "55555",
      "eeeee_14": "55555",
      "eeeee_15": "55555",
      "eeeee_16": "55555",
      "eeeee_17": "55555",
      "eeeee_18": "55555",
      "eeeee_19": "55555",
      "eeeee_2": "55555",
      "eeeee_20": "55555",
      "eeeee_21": "55555",
      "eeeee_22": "55555",
      "eeeee_23": "55555",
      "eeeee_24": "55555",
      "eeeee_25": "55555",
      "eeeee_26": "55555",
      "eeeee_27": "55555",
      "eeeee_28": "55555",
      "eeeee_29": "55555",
      "eeeee_3": "55555",
      "eeeee_30": "55555",
      "eeeee_31": "55555",
      "eeeee_32": "55555",
      "eeeee_33": "55555",
      "eeeee_34": "55555",
      "eeeee_35": "55555",
      "eeeee_36": "55555",
      "eeeee_37": "55555",
      "eeeee_38": "55555",
      "eeeee_39": "55555",
      "eeeee_4": "55555",
      "eeeee_40": "55555",
      "eeeee_41": "55555",
      "eeeee_42": "55555",
      "eeeee_43": "55555",
      "eeeee_44": "55555",
      "eeeee_45": "55555",
      "eeeee_46": "55555",
      "eeeee_47": "55555",
      "eeeee_48": "55555",
      "eeeee_49": "55555",
      "eeeee_5": "55555",
      "eeeee_6": "55555",
      "eeeee_7": "55555",
      "eeeee_8": "55555",
      "eeeee_9": "55555",
    },
  ],
  "delimiter": ",",
  "hasHeader": true,
  "header": Array [
    "aaaaa",
    "bbbbb",
    "ccccc",
    "ddddd",
    "eeeee",
    "aaaaa_1",
    "bbbbb_1",
    "ccccc_1",
    "ddddd_1",
    "eeeee_1",
    "aaaaa_2",
    "bbbbb_2",
    "ccccc_2",
    "ddddd_2",
    "eeeee_2",
    "aaaaa_3",
    "bbbbb_3",
    "ccccc_3",
    "ddddd_3",
    "eeeee_3",
    "aaaaa_4",
    "bbbbb_4",
    "ccccc_4",
    "ddddd_4",
    "eeeee_4",
    "aaaaa_5",
    "bbbbb_5",
    "ccccc_5",
    "ddddd_5",
    "eeeee_5",
    "aaaaa_6",
    "bbbbb_6",
    "ccccc_6",
    "ddddd_6",
    "eeeee_6",
    "aaaaa_7",
    "bbbbb_7",
    "ccccc_7",
    "ddddd_7",
    "eeeee_7",
    "aaaaa_8",
    "bbbbb_8",
    "ccccc_8",
    "ddddd_8",
    "eeeee_8",
    "aaaaa_9",
    "bbbbb_9",
    "ccccc_9",
    "ddddd_9",
    "eeeee_9",
    "aaaaa_10",
    "bbbbb_10",
    "ccccc_10",
    "ddddd_10",
    "eeeee_10",
    "aaaaa_11",
    "bbbbb_11",
    "ccccc_11",
    "ddddd_11",
    "eeeee_11",
    "aaaaa_12",
    "bbbbb_12",
    "ccccc_12",
    "ddddd_12",
    "eeeee_12",
    "aaaaa_13",
    "bbbbb_13",
    "ccccc_13",
    "ddddd_13",
    "eeeee_13",
    "aaaaa_14",
    "bbbbb_14",
    "ccccc_14",
    "ddddd_14",
    "eeeee_14",
    "aaaaa_15",
    "bbbbb_15",
    "ccccc_15",
    "ddddd_15",
    "eeeee_15",
    "aaaaa_16",
    "bbbbb_16",
    "ccccc_16",
    "ddddd_16",
    "eeeee_16",
    "aaaaa_17",
    "bbbbb_17",
    "ccccc_17",
    "ddddd_17",
    "eeeee_17",
    "aaaaa_18",
    "bbbbb_18",
    "ccccc_18",
    "ddddd_18",
    "eeeee_18",
    "aaaaa_19",
    "bbbbb_19",
    "ccccc_19",
    "ddddd_19",
    "eeeee_19",
    "aaaaa_20",
    "bbbbb_20",
    "ccccc_20",
    "ddddd_20",
    "eeeee_20",
    "aaaaa_21",
    "bbbbb_21",
    "ccccc_21",
    "ddddd_21",
    "eeeee_21",
    "aaaaa_22",
    "bbbbb_22",
    "ccccc_22",
    "ddddd_22",
    "eeeee_22",
    "aaaaa_23",
    "bbbbb_23",
    "ccccc_23",
    "ddddd_23",
    "eeeee_23",
    "aaaaa_24",
    "bbbbb_24",
    "ccccc_24",
    "ddddd_24",
    "eeeee_24",
    "aaaaa_25",
    "bbbbb_25",
    "ccccc_25",
    "ddddd_25",
    "eeeee_25",
    "aaaaa_26",
    "bbbbb_26",
    "ccccc_26",
    "ddddd_26",
    "eeeee_26",
    "aaaaa_27",
    "bbbbb_27",
    "ccccc_27",
    "ddddd_27",
    "eeeee_27",
    "aaaaa_28",
    "bbbbb_28",
    "ccccc_28",
    "ddddd_28",
    "eeeee_28",
    "aaaaa_29",
    "bbbbb_29",
    "ccccc_29",
    "ddddd_29",
    "eeeee_29",
    "aaaaa_30",
    "bbbbb_30",
    "ccccc_30",
    "ddddd_30",
    "eeeee_30",
    "aaaaa_31",
    "bbbbb_31",
    "ccccc_31",
    "ddddd_31",
    "eeeee_31",
    "aaaaa_32",
    "bbbbb_32",
    "ccccc_32",
    "ddddd_32",
    "eeeee_32",
    "aaaaa_33",
    "bbbbb_33",
    "ccccc_33",
    "ddddd_33",
    "eeeee_33",
    "aaaaa_34",
    "bbbbb_34",
    "ccccc_34",
    "ddddd_34",
    "eeeee_34",
    "aaaaa_35",
    "bbbbb_35",
    "ccccc_35",
    "ddddd_35",
    "eeeee_35",
    "aaaaa_36",
    "bbbbb_36",
    "ccccc_36",
    "ddddd_36",
    "eeeee_36",
    "aaaaa_37",
    "bbbbb_37",
    "ccccc_37",
    "ddddd_37",
    "eeeee_37",
    "aaaaa_38",
    "bbbbb_38",
    "ccccc_38",
    "ddddd_38",
    "eeeee_38",
    "aaaaa_39",
    "bbbbb_39",
    "ccccc_39",
    "ddddd_39",
    "eeeee_39",
    "aaaaa_40",
    "bbbbb_40",
    "ccccc_40",
    "ddddd_40",
    "eeeee_40",
    "aaaaa_41",
    "bbbbb_41",
    "ccccc_41",
    "ddddd_41",
    "eeeee_41",
    "aaaaa_42",
    "bbbbb_42",
    "ccccc_42",
    "ddddd_42",
    "eeeee_42",
    "aaaaa_43",
    "bbbbb_43",
    "ccccc_43",
    "ddddd_43",
    "eeeee_43",
    "aaaaa_44",
    "bbbbb_44",
    "ccccc_44",
    "ddddd_44",
    "eeeee_44",
    "aaaaa_45",
    "bbbbb_45",
    "ccccc_45",
    "ddddd_45",
    "eeeee_45",
    "aaaaa_46",
    "bbbbb_46",
    "ccccc_46",
    "ddddd_46",
    "eeeee_46",
    "aaaaa_47",
    "bbbbb_47",
    "ccccc_47",
    "ddddd_47",
    "eeeee_47",
    "aaaaa_48",
    "bbbbb_48",
    "ccccc_48",
    "ddddd_48",
    "eeeee_48",
    "aaaaa_49",
    "bbbbb_49",
    "ccccc_49",
    "ddddd_49",
    "eeeee_49",
  ],
}
`;

exports[`csv preview blob without data 1`] = `
Object {
  "data": Array [],
  "delimiter": ",",
  "hasHeader": true,
  "header": Array [],
}
`;

exports[`csv preview blob without header 1`] = `
Object {
  "data": Array [
    Object {
      "Column1": "a",
      "Column2": "b",
      "Column3": "c",
      "Column4": "d",
      "Column5": "e",
    },
    Object {
      "Column1": "1",
      "Column2": "2",
      "Column3": "3",
      "Column4": "4",
      "Column5": "5",
    },
    Object {
      "Column1": "1",
      "Column2": "2",
      "Column3": "3",
      "Column4": "4",
      "Column5": "5",
    },
    Object {
      "Column1": "1",
      "Column2": "2",
      "Column3": "3",
      "Column4": "4",
      "Column5": "5",
    },
    Object {
      "Column1": "1",
      "Column2": "2",
      "Column3": "3",
      "Column4": "4",
      "Column5": "5",
    },
  ],
  "delimiter": ",",
  "hasHeader": false,
  "header": Array [
    "Column1",
    "Column2",
    "Column3",
    "Column4",
    "Column5",
  ],
}
`;
