// Jest Snapshot v1, https://goo.gl/fbAQLP

exports[`ChildRunModel should render with valid props 1`] = `
<ModelSection
  experimentName="Test Experiment"
  onModelDeploy={[MockFunction]}
  pageName="ChildRun"
  parentRun={
    Object {
      "_mockParameters": Array [
        "00000000-0000-0000-0000-000000000000",
        "testResource",
        "testWorkSpace",
        "Test Experiment",
        "AutoML_000",
        Object {
          "abortSignal": Object {},
        },
      ],
      "runId": "AutoML_000",
    }
  }
  run={
    Object {
      "createdUtc": 2019-02-01T08:20:00.000Z,
      "endTimeUtc": 2019-02-01T08:25:00.000Z,
      "experimentId": "exp",
      "name": "AutoML_001",
      "options": Object {
        "generateDataContainerIdIfNotSpecified": true,
      },
      "parentRunId": "AutoML_000",
      "properties": Object {
        "class_labels": "",
        "pipeline_id": "eda663ea8f36e6c07948c99bba9d1becb40991a5",
        "primary_metric": "spearman_correlation",
        "runTemplate": "automl_child",
        "run_algorithm": "RandomForest",
        "run_preprocessor": "MaxAbsScaler",
        "run_template": "automl_child",
        "score": "0.977770827248834",
      },
      "runId": "AutoML_001",
      "startTimeUtc": 2019-02-01T08:20:00.000Z,
      "status": "Completed",
    }
  }
/>
`;
